name,sequence,start_codon,start_position,expression,RBS_distance_bp,dG_total,dG_rRNA:mRNA,dG_mRNA,dG_spacing,dG_standby,dG_start_codon
unnamed,TTCTAGAAAAAAAATAAGGAGGTAAAATGGCGAGCTCTGAAGACGTTATCAAAGAGTTCATGCGTTTCAAAGTTCGTATG,ATG,27,15334.59584,3,-5.95026,-15.981,-8.2,3.02474,0.0,-1.194
unnamed,TTCTAGAAAAAAAATAAGGAGGTAAAATGGCGAGCTCTGAAGACGTTATCAAAGAGTTCATGCGTTTCAAAGTTCGTATG,ATG,60,0.06344,1,25.81933,-4.381,-13.8,17.59433,0.0,-1.194
unnamed,TTCTAGAAAAAAAATAAGGAGGTAAAATGGCGAGCTCTGAAGACGTTATCAAAGAGTTCATGCGTTTCAAAGTTCGTATG,ATG,78,607.24464,4,2.32544,-0.681,-4.2,0.00044,0.0,-1.194
