name,sequence,start_codon,start_position,expression,RBS_distance_bp,dG_total,dG_rRNA:mRNA,dG_mRNA,dG_spacing,dG_standby,dG_start_codon
seq1_set1,TTCTAGAAAAAAAATAAGGAGGTATGGCGAGCTCTGAAGACGTTATCAAAGAGTTCATGCGTTTCAAAGTTCGTATGGAA,ATG,24,51.61933,0,8.64328,-15.981,-8.2,17.61828,0.0,-1.194
seq2_set1,TTCTAGAAAAAAAATAAGGAGGTAATGGCGAGCTCTGAAGACGTTATCAAAGAGTTCATGCGTTTCAAAGTTCGTATGGA,ATG,25,52.10396,1,8.61933,-15.981,-8.2,17.59433,0.0,-1.194
seq3_set1,TTCTAGAAAAAAAATAAGGAGGTAAATGGCGAGCTCTGAAGACGTTATCAAAGAGTTCATGCGTTTCAAAGTTCGTATGG,ATG,26,75.66407,2,7.66318,-15.981,-8.2,16.63818,0.0,-1.194
seq4_set1,TTCTAGAAAAAAAATAAGGAGGTAAAATGGCGAGCTCTGAAGACGTTATCAAAGAGTTCATGCGTTTCAAAGTTCGTATG,ATG,27,15334.59584,3,-5.95026,-15.981,-8.2,3.02474,0.0,-1.194
seq5_set1,TTCTAGAAAAAAAATAAGGAGGTAAAAATGGCGAGCTCTGAAGACGTTATCAAAGAGTTCATGCGTTTCAAAGTTCGTAT,ATG,28,49904.15522,4,-8.97456,-15.981,-8.2,0.00044,0.0,-1.194
seq6_set1,TTCTAGAAAAAAAATAAGGAGGTAAAAAATGGCGAGCTCTGAAGACGTTATCAAAGAGTTCATGCGTTTCAAAGTTCGTA,ATG,29,49912.7732,5,-8.975,-15.981,-8.2,0.0,0.0,-1.194
seq7_set1,TTCTAGAAAAAAAATAAGGAGGTAAAAAAATGGCGAGCTCTGAAGACGTTATCAAAGAGTTCATGCGTTTCAAAGTTCGT,ATG,30,43553.60874,6,-8.62571,-15.981,-8.2,0.34929,0.0,-1.194
seq8_set1,TTCTAGAAAAAAAATAAGGAGGTAAAAAAAATGGCGAGCTCTGAAGACGTTATCAAAGAGTTCATGCGTTTCAAAGTTCG,ATG,31,36181.30645,7,-8.1504,-15.981,-8.2,0.8246,0.0,-1.194
seq9_set1,TTCTAGAAAAAAAATAAGGAGGTAAAAAAAAATGGCGAGCTCTGAAGACGTTATCAAAGAGTTCATGCGTTTCAAAGTTC,ATG,32,28614.88452,8,-7.54909,-15.981,-8.2,1.42591,0.0,-1.194
seq10_set1,TTCTAGAAAAAAAATAAGGAGGTAAAAAAAAAATGGCGAGCTCTGAAGACGTTATCAAAGAGTTCATGCGTTTCAAAGTT,ATG,33,21545.04496,9,-6.82176,-15.981,-8.2,2.15324,0.0,-1.194
seq11_set1,TTCTAGAAAAAAAATAAGGAGGTAAAAAAAAAAATGGCGAGCTCTGAAGACGTTATCAAAGAGTTCATGCGTTTCAAAGT,ATG,34,15443.66832,10,-5.96842,-15.981,-8.2,3.00658,0.0,-1.194
seq12_set1,TTCTAGAAAAAAAATAAGGAGGTAAAAAAAAAAAAATGGCGAGCTCTGAAGACGTTATCAAAGAGTTCATGCGTTTCAAA,ATG,36,6846.98774,12,-3.88372,-15.981,-8.2,5.09128,0.0,-1.194
seq13_set1,TTCTAGAAAAAAAATAAGGAGGTAAAAAAAAAAAAAAAATGGCGAGCTCTGAAGACGTTATCAAAGAGTTCATGCGTTTC,ATG,39,1699.04567,15,-0.31158,-14.981,-6.7,9.16342,0.0,-1.194
seq14_set2,TTCTAGAGAAAGACAGGACCCACTAGTATGGCGAGCTCTGAAGACGTTATCAAAGAGTTCATGCGTTTCAAAGTTCGTATGGA,ATG,28,782.88877,6,1.67429,-6.481,-9.0,0.34929,0.0,-1.194
seq15_set2,TTCTAGAGAAAGAAGGGACAGACTAGTATGGCGAGCTCTGAAGACGTTATCAAAGAGTTCATGCGTTTCAAAGTTCGTATGGA,ATG,28,1156.50897,6,0.67429,-7.481,-9.0,0.34929,0.0,-1.194
seq16_set2,TTCTAGAGAAAGAAGAGACTCACTAGTATGGCGAGCTCTGAAGACGTTATCAAAGAGTTCATGCGTTTCAAAGTTCGTATGGA,ATG,28,235.70567,8,4.75091,-5.481,-9.9,1.42591,-0.1,-1.194
seq17_set2,TTCTAGAGAAAGAAGGGATACACTAGTATGGCGAGCTCTGAAGACGTTATCAAAGAGTTCATGCGTTTCAAAGTTCGTATGGA,ATG,28,752.93099,6,1.77429,-7.581,-10.2,0.34929,0.0,-1.194
seq18_set2,TTCTAGAGAAAGACGCGAGAAACTAGTATGGCGAGCTCTGAAGACGTTATCAAAGAGTTCATGCGTTTCAAAGTTCGTATGGA,ATG,28,619.48487,6,2.27429,-5.481,-8.6,0.34929,0.0,-1.194
seq19_set2,TTCTAGAGAAAGAAACGACATACTAGTATGGCGAGCTCTGAAGACGTTATCAAAGAGTTCATGCGTTTCAAAGTTCGTATGGA,ATG,28,111.2898,6,6.67429,-2.881,-9.6,0.34929,-0.8,-1.194
seq20_set2,TTCTAGAaaatgtcaattttgctactggccttacaatATGGCGAGCTCTGAAGACGTTATCAAAGAGTTCATGCGTTTCAAAGTTCGTATGGA,ATG,38,76.79966,5,7.625,-2.881,-10.5,0.0,-1.2,-1.194
seq21_set2,TTCTAGAaacttccgttaatcagttataaggtggattATGGCGAGCTCTGAAGACGTTATCAAAGAGTTCATGCGTTTCAAAGTTCGTATGGA,ATG,38,365.72534,5,3.625,-4.981,-9.8,0.0,0.0,-1.194
seq22_set2,TTCTAGActttaatttaacgtaaataaggaagtcattATGGCGAGCTCTGAAGACGTTATCAAAGAGTTCATGCGTTTCAAAGTTCGTATGGA,ATG,38,682.65043,4,2.02544,-8.381,-11.6,0.00044,0.0,-1.194
seq23_set2,TTCTAGAattaaagAGGAgaaatagcATGGCGAGCTCTGAAGACGTTATCAAAGAGTTCATGCGTTTCAAAGTTCGTATGGA,ATG,27,7671.08489,5,-4.175,-11.581,-8.6,0.0,0.0,-1.194
seq24_set2,TTCTAGAattaaagAGGAgatagcATGGCGAGCTCTGAAGACGTTATCAAAGAGTTCATGCGTTTCAAAGTTCGTATGGA,ATG,25,2356.7712,3,-1.15026,-11.581,-8.6,3.02474,0.0,-1.194
seq25_set2,TTCTAGAattaaagAGGAgaaattattagcATGGCGAGCTCTGAAGACGTTATCAAAGAGTTCATGCGTTTCAAAGTTCGTATGGA,ATG,31,3311.25398,9,-2.02176,-11.581,-8.6,2.15324,0.0,-1.194
seq26_set2,TTCTAGAattaaagAGGAgaaattataatagcATGGCGAGCTCTGAAGACGTTATCAAAGAGTTCATGCGTTTCAAAGTTCGTATGGA,ATG,33,1619.74359,11,-0.18908,-11.581,-8.6,3.98592,0.0,-1.194
seq27_set2,TTCTAGAattaaTAAGGAGGaattaagcATGGCGAGCTCTGAAGACGTTATCAAAGAGTTCATGCGTTTCAAAGTTCGTATGGA,ATG,29,12617.46494,7,-5.4504,-14.681,-9.6,0.8246,0.0,-1.194
seq28_set2,TTCTAGAattaaTAAGGAGGaatagcATGGCGAGCTCTGAAGACGTTATCAAAGAGTTCATGCGTTTCAAAGTTCGTATGGA,ATG,27,30055.78521,5,-7.675,-14.681,-8.2,0.0,0.0,-1.194
seq29_set2,TTCTAGAattaaTAAGGAGGaattattagcATGGCGAGCTCTGAAGACGTTATCAAAGAGTTCATGCGTTTCAAAGTTCGTATGGA,ATG,31,5945.19225,9,-3.52176,-14.681,-10.2,2.15324,0.0,-1.194
seq30_set2,TTCTAGAattaaTGAGGAAAaattaagcATGGCGAGCTCTGAAGACGTTATCAAAGAGTTCATGCGTTTCAAAGTTCGTATGGA,ATG,29,854.6227,7,1.4496,-8.781,-10.6,0.8246,0.0,-1.194
seq31_set2,TTCTAGAattaaATAGGACAaattaagcATGGCGAGCTCTGAAGACGTTATCAAAGAGTTCATGCGTTTCAAAGTTCGTATGGA,ATG,29,407.21281,7,3.3496,-6.381,-10.1,0.8246,0.0,-1.194
seq32_set2,TTCTAGAattaaTTAGGAGCaattaagcATGGCGAGCTCTGAAGACGTTATCAAAGAGTTCATGCGTTTCAAAGTTCGTATGGA,ATG,29,888.62661,7,1.3496,-8.981,-10.7,0.8246,0.0,-1.194
seq33_set2,TTCTAGAattaaGGAGGATAaattaagcATGGCGAGCTCTGAAGACGTTATCAAAGAGTTCATGCGTTTCAAAGTTCGTATGGA,ATG,29,7651.42585,10,-4.16842,-14.581,-8.6,3.00658,0.0,-1.194
seq34_set2,TTCTAGAattaaGAAGGACTaattaagcATGGCGAGCTCTGAAGACGTTATCAAAGAGTTCATGCGTTTCAAAGTTCGTATGGA,ATG,29,1419.24719,7,0.1496,-7.881,-8.4,0.8246,0.0,-1.194
seq35_set2,TTCTAGAattaaTGAGGATAaattaagcATGGCGAGCTCTGAAGACGTTATCAAAGAGTTCATGCGTTTCAAAGTTCGTATGGA,ATG,29,790.46862,7,1.6496,-8.581,-10.6,0.8246,0.0,-1.194
seq36_set2,TTCTAGAattaaTCAGGATCaattaagcATGGCGAGCTCTGAAGACGTTATCAAAGAGTTCATGCGTTTCAAAGTTCGTATGGA,ATG,29,601.54812,7,2.3496,-6.581,-9.3,0.8246,0.0,-1.194
seq37_set2,TTCTAGAattaaACAGGATAataagcATGGCGAGCTCTGAAGACGTTATCAAAGAGTTCATGCGTTTCAAAGTTCGTATGGA,ATG,27,1274.6521,5,0.425,-6.581,-8.2,0.0,0.0,-1.194
seq38_set2,TTCTAGAattaaagaggagaaattaagcATGGCGAGCTCTGAAGACGTTATCAAAGAGTTCATGCGTTTCAAAGTTCGTATGGA,ATG,29,5560.6983,7,-3.3504,-11.581,-8.6,0.8246,0.0,-1.194
seq39_set2,TTCTAGAtcacacaggaaaccggttcgATGGCGAGCTCTGAAGACGTTATCAAAGAGTTCATGCGTTTCAAAGTTCGTATGGA,ATG,28,703.15319,7,1.9496,-7.281,-9.6,0.8246,0.0,-1.194
seq40_set2,TTCTAGAtcacacaggaaaggcctcgATGGCGAGCTCTGAAGACGTTATCAAAGAGTTCATGCGTTTCAAAGTTCGTATGGA,ATG,27,242.85846,6,4.67429,-7.381,-12.9,0.34929,0.0,-1.194
seq41_set2,TTCTAGAtcacacaggacggccggATGGCGAGCTCTGAAGACGTTATCAAAGAGTTCATGCGTTTCAAAGTTCGTATGGA,ATG,25,631.40582,4,2.22544,-8.981,-12.4,0.00044,0.0,-1.194
seq42_set3,TTCTAGAAACAAAATGAGGAGGTACTGAGATGGCGAGCTCTGAAGACGTTATCAAAGAGTTCATGCGTTTCAAAGTTCGT,ATG,30,45286.52942,6,-8.72571,-16.081,-8.2,0.34929,0.0,-1.194
seq43_set3,TTCTAGAAAGCTGATAAGGAGGTATAACGATGGCGAGCTCTGAAGACGTTATCAAAGAGTTCATGCGTTTCAAAGTTCGT,ATG,30,35834.3619,6,-8.12571,-15.981,-8.7,0.34929,0.0,-1.194
seq44_set3,TTCTAGAACAACTTAAGGAGGTATTCATGGCGAGCTCTGAAGACGTTATCAAAGAGTTCATGCGTTTCAAAGTTCGTATG,ATG,27,28900.68872,4,-7.57456,-15.881,-9.5,0.00044,0.0,-1.194
seq45_set3,TTCTAGAAAAGTAAGGAGGTGCGGCTATGGCGAGCTCTGAAGACGTTATCAAAGAGTTCATGCGTTTCAAAGTTCGTATG,ATG,27,25222.93551,6,-7.22571,-15.881,-9.5,0.34929,0.0,-1.194
seq46_set3,TTCTAGACTGGTGAGGAGGTGAGAATGGCGAGCTCTGAAGACGTTATCAAAGAGTTCATGCGTTTCAAAGTTCGTATGGA,ATG,25,18095.4532,4,-6.37456,-15.981,-10.8,0.00044,0.0,-1.194
seq47_set3,TTCTAGAAAAGTAAGGAGGCGCGGCTATGGCGAGCTCTGAAGACGTTATCAAAGAGTTCATGCGTTTCAAAGTTCGTATG,ATG,27,15188.39936,6,-5.92571,-14.581,-9.5,0.34929,0.0,-1.194
seq48_set3,TTCTAGACACAGAAAAAGGAGGGTCGCGATGGCGAGCTCTGAAGACGTTATCAAAGAGTTCATGCGTTTCAAAGTTCGTA,ATG,29,11331.97816,5,-5.175,-15.181,-10.6,0.0,-0.6,-1.194
seq49_set3,TTCTAGAAGGAGGTTTGGAATGGCGAGCTCTGAAGACGTTATCAAAGAGTTCATGCGTTTCAAAGTTCGTATGGAAGGTT,ATG,20,8966.77691,5,-4.575,-14.881,-11.5,0.0,0.0,-1.194
seq50_set3,TTCTAGATGGGGAGTGTAAAATGGCGAGCTCTGAAGACGTTATCAAAGAGTTCATGCGTTTCAAAGTTCGTATGGAAGGT,ATG,21,7376.27166,4,-4.07456,-11.481,-8.6,0.00044,0.0,-1.194
seq51_set3,TTCTAGAGGGGGTTAACAAGATGGCGAGCTCTGAAGACGTTATCAAAGAGTTCATGCGTTTCAAAGTTCGTATGGAAGGT,ATG,21,15335.45185,7,-5.9504,-14.281,-8.7,0.8246,0.0,-1.194
seq52_set3,TTCTAGAAGCGAGGAGGCAGTCGATGGCGAGCTCTGAAGACGTTATCAAAGAGTTCATGCGTTTCAAAGTTCGTATGGAA,ATG,24,12251.67638,5,-5.375,-14.281,-10.1,0.0,0.0,-1.194
seq53_set3,TTCTAGATAGGGGGCGGTACATGGCGAGCTCTGAAGACGTTATCAAAGAGTTCATGCGTTTCAAAGTTCGTATGGAAGGT,ATG,21,4619.26808,5,-2.875,-11.781,-10.1,0.0,0.0,-1.194
seq54_set3,TTCTAGAGATAAGTGAAGGAGGCCCGGCCATGGCGAGCTCTGAAGACGTTATCAAAGAGTTCATGCGTTTCAAAGTTCGT,ATG,30,6437.60521,6,-3.72571,-14.181,-11.3,0.34929,0.0,-1.194
seq55_set3,TTCTAGAGGAGGATAACCACTATGGCGAGCTCTGAAGACGTTATCAAAGAGTTCATGCGTTTCAAAGTTCGTATGGAAGG,ATG,22,7896.06102,8,-4.24909,-14.481,-10.0,1.42591,0.0,-1.194
seq56_set3,TTCTAGAGATAAGTGAAGGAGGCCGGCCATGGCGAGCTCTGAAGACGTTATCAAAGAGTTCATGCGTTTCAAAGTTCGTA,ATG,29,3380.75746,5,-2.075,-14.181,-13.3,0.0,0.0,-1.194
seq57_set3,TTCTAGAACACTAAGGAGACCAACTTGCATGGCGAGCTCTGAAGACGTTATCAAAGAGTTCATGCGTTTCAAAGTTCGTA,TTG,25,7232.35493,4,-4.02406,-11.581,-7.6,0.00044,0.0,-0.0435
seq58_set3,TTCTAGAAAGTTAAGAGGCAAGAATGGCGAGCTCTGAAGACGTTATCAAAGAGTTCATGCGTTTCAAAGTTCGTATGGAA,ATG,24,2116.41239,4,-0.87456,-8.281,-8.6,0.00044,0.0,-1.194
seq59_set3,TTCTAGATTAACTGGGGGCTATCATGGCGAGCTCTGAAGACGTTATCAAAGAGTTCATGCGTTTCAAAGTTCGTATGGAA,ATG,24,932.73338,4,1.22544,-10.881,-13.3,0.00044,0.0,-1.194
seq60_set3,TTCTAGATGAGAATAAGGTTATGGCGAGCTCTGAAGACGTTATCAAAGAGTTCATGCGTTTCAAAGTTCGTATGGAAGGT,ATG,21,682.65043,4,2.02544,-5.281,-8.5,0.00044,0.0,-1.194
seq61_set3,TTCTAGATAAGCAGGACCGGCGGCGATGGCGAGCTCTGAAGACGTTATCAAAGAGTTCATGCGTTTCAAAGTTCGTATGG,ATG,26,696.41062,6,1.97429,-7.381,-10.2,0.34929,0.0,-1.194
seq62_set3,TTCTAGAAACCTCAAGGAATTCCCTATGGCGAGCTCTGAAGACGTTATCAAAGAGTTCATGCGTTTCAAAGTTCGTATGG,ATG,26,767.41989,4,1.72544,-7.881,-10.8,0.00044,0.0,-1.194
seq63_set3,TTCTAGAGGCGACAGGCGGATCTATCCCATGGCGAGCTCTGAAGACGTTATCAAAGAGTTCATGCGTTTCAAAGTTCGTA,ATG,29,228.9899,5,4.825,-7.481,-11.8,0.0,-1.7,-1.194
seq64_set3,TTCTAGAATAAAAAGGGACGCTAATGGCGAGCTCTGAAGACGTTATCAAAGAGTTCATGCGTTTCAAAGTTCGTATGGAA,ATG,24,490.18649,6,2.87429,-5.581,-9.3,0.34929,0.0,-1.194
seq65_set3,TTCTAGAATAGAGTCGACGCATGGCGAGCTCTGAAGACGTTATCAAAGAGTTCATGCGTTTCAAAGTTCGTATGGAAGGT,ATG,21,395.40745,5,3.425,-4.881,-9.5,0.0,0.0,-1.194
seq66_set3,TTCTAGAGAGTAATATTTCACATGGCGAGCTCTGAAGACGTTATCAAAGAGTTCATGCGTTTCAAAGTTCGTATGGAAGG,ATG,22,164.40094,6,5.67429,-3.281,-9.8,0.34929,0.0,-1.194
seq67_set3,TTCTAGACGAGCTGGTACTTAAAAACATGGCGAGCTCTGAAGACGTTATCAAAGAGTTCATGCGTTTCAAAGTTCGTATG,ATG,27,237.49081,10,4.73158,-7.481,-10.4,3.00658,0.0,-1.194
seq68_set3,TTCTAGATTCGCAGGGGGAAGATGGCGAGCTCTGAAGACGTTATCAAAGAGTTCATGCGTTTCAAAGTTCGTATGGAAGG,ATG,22,226.68623,8,4.85091,-6.581,-11.2,1.42591,0.0,-1.194
seq69_set3,TTCTAGATTTCTCCCATAATAACTCGAACCATTACCGAGCTATGGCGAGCTCTGAAGACGTTATCAAAGAGTTCATGCGTTTCAAAGTTCGTATGGAAGG,ATG,42,5.23054,11,14.51092,-0.281,-12.0,3.98592,0.0,-1.194
seq70_set3,TTCTAGAGGGAACGATTTAGGCCAATTATTAAAACCGACCCCATGGCGAGCTCTGAAGACGTTATCAAAGAGTTGAAGACGTTATCAAAGAGTTCATGCGTTTCAAAGTTCGTATGGAAGG,ATG,43,3.55893,16,15.49782,-1.881,-7.8,10.77282,0.0,-1.194
seq71_set4.1,TTCTAGATTAGGCCTGATCTAAGCCATTAACTTTAGTTATGGCTGAAGCGCAAAACGATCCCCTGGCGAGCTCTGAAGACGTT,ATG,39,5.83286,10,14.23158,-3.581,-12.4,3.00658,-3.6,-1.194
seq72_set4.1,TTCTAGACCAGTCGCGTACCGCTATTGGTCCAGCTACAATGGCTGAAGCGCAAAACGATCCCCTGGCGAGCTCTGAAGACGTT,ATG,39,4.58284,3,14.84974,-11.181,-16.3,3.02474,-7.9,-1.194
seq73_set4.1,TTCTAGATTCTAaaggaggAGTCCGGGATGGCTGAAGCGCAAAATGATCCCCTGATGGCGAGCTCTGAAGACGTT,ATG,28,6758.55423,7,-3.8504,-14.081,-10.6,0.8246,0.0,-1.194
seq74_set4.1,TTCTAGAAAAGGAAGTAAAGGGGATATTAATGGCTGAAGCGCAAAACGATCCCGCCGCGAGCTCTGAAGACGTT,ATG,30,2781.08686,4,-1.57456,-11.081,-9.9,0.00044,-0.8,-1.194
seq75_set4.1,TTCTAGACGTAAATAACAATTCATTCAGTCTGAAGCTAATCAATGGCTGAAGCGCAAAACGATCCCCTGGCGAGCTCTGAAGACGTT,ATG,43,132.61352,5,6.225,0.019,-7.4,0.0,0.0,-1.194
seq76_set4.1,TTCTAGAAATATTAACCGAAAGACGGAAAACCACTTCCCCATGGCTGAAGCGCAAAACGATCCCCTGGCGAGCTCTGAAGACGTT,ATG,41,426.40297,10,3.23158,-3.581,-5.0,3.00658,0.0,-1.194
seq77_set4.1,TTCTAGACTGACACAATATACGTAGAATTGGACACCACTATGGCTGAAGCGCAAAACGATCCCCTGGCGAGCTCTGAAGACGTT,ATG,40,1882.63277,4,-0.57456,-3.581,-4.2,0.00044,0.0,-1.194
seq78_set4.1,TTCTAGATATACCTATAAATCTAAGGACCTATTTTTATCTATGGCTGAAGCGCAAAACGATCCCCTGGCGAGCTCTGAAGACGTT,ATG,41,3645.77102,10,-2.26842,-7.381,-3.3,3.00658,0.0,-1.194
seq79_set4.1,TTCTAGATACCCACTTAAGGAGAGTAATATATCATGGCTGAAGCGCAAAACGATCCCCTGGCGAGCTCTGAAGACGTT,ATG,34,9495.21124,9,-4.72176,-12.081,-6.4,2.15324,0.0,-1.194
seq80_set4.1,TTCTAGACTGAAATTTACTTTGTAATAAGAGAGGAATATATGGCTGAAGCGCAAAACGATCCCCTGGCGAGCTCTGAAGACGTT,ATG,40,18098.57812,5,-6.375,-9.481,-4.3,0.0,0.0,-1.194
seq81_set4.1,TTCTAGAACAACAACAAATAAGGAGTAAATAGATGGCTGAAGCGCAAAACGATCCCCTGGCGAGCTCTGAAGACGTT,ATG,33,44399.39153,5,-8.675,-11.281,-3.8,0.0,0.0,-1.194
seq82_set4.1,TTCTAGAACCCCACGACTAAACTATAAAATAAGGAGGTACGCATGGCTGAAGCGCAAAACGATCCCCTGGCGAGCTCTGAAGACGTT,ATG,43,51889.75285,4,-9.07456,-14.981,-7.1,0.00044,0.0,-1.194
seq83_set4.2,TTCTAGAGGTATTACGTTTCAGGCCAGCGTCACCCAGATCGATGTCCAGATTAGATAAAAGTAAAGTTGCGAGCTCTGAAGACG,TTG,67,619.08661,4,2.27594,-1.181,-3.5,0.00044,0.0,-0.0435
seq84_set4.2,TTCTAGACGTTACCACGTCGGCCGAAAATCGTTTCAGCTGCCATGTCCAGATTAGATAAAAGTAAAGTTGCGAGCTCTGAAGACG,TTG,68,403.04875,4,3.37594,-0.081,-3.5,0.00044,0.0,-0.0435
seq85_set4.2,TTCTAGAGTGCAtaaggagTGCTCGATGTCCAGATTAGATAAAAGTAAAGTGATGGCGAGCTCTGAAGACG,ATG,26,9692.84261,4,-4.77456,-11.281,-7.7,0.00044,0.0,-1.194
seq86_set4.2,TTCTAGATTGATAGATAAGGACAAAGTTATGTCCAGATTAGATAAAAGTAAAGTTGCGAGCTCTGAAGACG,ATG,29,2473.88707,4,-1.27456,-10.281,-8.3,0.00044,-1.9,-1.194
seq87_set4.2,TTCTAGAGTCAAGGACCTCTTGGCGGTTATCTTAAGGCACAATGTCCAGATTAGATAAAAGTAAAGTTGCGAGCTCTGAAGACG,ATG,42,238.101,5,4.725,-5.181,-8.1,0.0,-3.0,-1.194
seq88_set4.2,TTCTAGATGACCACCATAGGTTGGATACAAATACCACAGGATGTCCAGATTAGATAAAAGTAAAGTTGCGAGCTCTGAAGACG,ATG,41,204.38974,12,5.11628,-5.981,-4.8,5.09128,-2.4,-1.194
seq89_set4.2,TTCTAGATAAGAAAACCACCCTACAAAGAAAACCCTAATTAGATGTCCAGATTAGATAAAAGTAAAGTTGCGAGCTCTGAAGACG,ATG,43,1068.0475,9,0.87824,-0.881,-0.8,2.15324,0.0,-1.194
seq90_set4.2,TTCTAGACTAGATTAGAAAGGAGGTACCACACCACAAAAGTAATGTCCAGATTAGATAAAAGTAAAGTTGCGAGCTCTGAAGACG,ATG,43,1876.92474,17,-0.56677,-13.681,-1.8,12.50823,0.0,-1.194
seq91_set4.2,TTCTAGATTAGACCTGACTAACAAGAGGTAGGGGGATCATATGTCCAGATTAGATAAAAGTAAAGTTGCGAGCTCTGAAGACG,ATG,41,13770.6743,4,-5.67456,-12.281,-5.7,0.00044,-2.1,-1.194
seq92_set4.2,TTCTAGAAGAACAATACAGGAGGACAATTCGCCCTATGTCCAGATTAGATAAAAGTAAAGTTGCGAGCTCTGAAGACG,ATG,36,9374.89687,11,-4.68908,-12.781,-5.3,3.98592,0.0,-1.194
seq93_set4.2,TTCTAGATAAGTCATTCACAGAACAAACACGAGGTATCATATGTCCAGATTAGATAAAAGTAAAGTTGCGAGCTCTGAAGACG,ATG,41,28905.6796,5,-7.575,-7.881,-1.5,0.0,0.0,-1.194
seq94_set5,TTCTAGAACGACTATTTTTTCCACTATTGAGGTATAAATGGCGAGCTCTGAAGACGTTATCAAAGAGTTCATGCGTTTCAAAGT,ATG,38,862.71576,4,1.42544,-7.881,-10.5,0.00044,0.0,-1.194
seq95_set5,TTCTAGAACGACTATTTTTTCCACTATTGAGGTATAAGTGAAACCAGTAACGTTATACGGCGTCGCGAGCTCTGAAGACGTTAT,GTG,38,1728.31304,4,-0.35536,-7.881,-7.6,0.00044,0.0,-0.0748
seq96_set5,TTCTAGAACACTTTACTTTTTAATTAGCAGGAGATTTAAAAAATGGCGAGCTCTGAAGACGTTATCAAAGAGTTCATGCGTTTC,ATG,43,2649.57579,7,-1.4504,-7.781,-6.7,0.8246,0.0,-1.194
seq97_set5,TTCTAGAACACTTTACTTTTTAATTAGCAGGAGATTTAAAAAGTGAAACCAGTAACGTTATACGGCGTCGCGAGCTCTGAAGAC,GTG,43,436.97622,7,3.1688,-7.781,-10.2,0.8246,0.0,-0.0748
seq98_set5,TTCTAGATTCACGTCAACATTTAAGGAGGATATCGACATGGCGAGCTCTGAAGACGTTATCAAAGAGTTCATGCGTTTCAAAGT,ATG,38,12617.46494,7,-5.4504,-13.281,-8.2,0.8246,0.0,-1.194
seq99_set5,TTCTAGATTCACGTCAACATTTAAGGAGGATATCGACGTGAAACCAGTAACGTTATACGGCGTCGCGAGCTCTGAAGACGTTAT,GTG,38,1851.05312,7,-0.5312,-13.281,-12.0,0.8246,0.0,-0.0748
seq100_set5,TTCTAGACAGAAAAAATAGAATAAGGAGGTTTCACTATCATGGCGAGCTCTGAAGACGTTATCAAAGAGTTCATGCGTTTCAAA,ATG,40,26186.16347,9,-7.32176,-14.981,-6.7,2.15324,0.0,-1.194
seq101_set5,TTCTAGACAGAAAAAATAGAATAAGGAGGTTTCACTATCGTGAAACCAGTAACGTTATACGGCGTCGCGAGCTCTGAAGACGTT,GTG,40,1628.2871,9,-0.20256,-14.981,-12.7,2.15324,0.0,-0.0748
seq102_set5,TTCTAGATTCCCCCGGAAACCAATAAAAGAAGGCCATCGTCATGGCGAGCTCTGAAGACGTTATCAAAGAGTTCATGCGTTTCA,ATG,42,165.99266,7,5.6496,-5.781,-11.8,0.8246,0.0,-1.194
seq103_set5,TTCTAGATTCCCCCGGAAACCAATAAAAGAAGGCCATCGTCATGTCCAGATTAGATAAAAGTAAAGTTGCGAGCTCTGAAGACG,ATG,42,5560.6983,7,-3.3504,-5.781,-2.8,0.8246,0.0,-1.194
seq104_set5,TTCTAGATGGAGAAGCCATTAATATTAAGGAAGGTAACAATGGCGAGCTCTGAAGACGTTATCAAAGAGTTCATGCGTTTCAAA,ATG,40,3655.13821,5,-2.275,-14.081,-13.0,0.0,0.0,-1.194
seq105_set5,TTCTAGATGGAGAAGCCATTAATATTAAGGAAGGTAACAATGTCCAGATTAGATAAAAGTAAAGTTGCGAGCTCTGAAGACGTT,ATG,40,86186.69282,5,-10.375,-14.081,-4.9,0.0,0.0,-1.194
seq106_set5,TTCTAGACCCACGTACCGATTAAAGGAGGCCTAGTAATGGCGAGCTCTGAAGACGTTATCAAAGAGTTCATGCGTTTCAAAGTT,ATG,37,5507.37646,6,-3.32571,-11.981,-9.5,0.34929,0.0,-1.194
seq107_set5,TTCTAGACCCACGTACCGATTAAAGGAGGCCTAGTAATGTCCAGATTAGATAAAAGTAAAGTTGCGAGCTCTGAAGACGTTATC,ATG,37,52935.69451,6,-9.12571,-11.981,-3.7,0.34929,0.0,-1.194
seq108_set5,TTCTAGAATAACCAGGGTAATAAGGAAGTACACAGACCATGGCGAGCTCTGAAGACGTTATCAAAGAGTTCATGCGTTTCAAAG,ATG,39,594.86327,9,2.37824,-8.381,-9.8,2.15324,0.0,-1.194
seq109_set5,TTCTAGAATAACCAGGGTAATAAGGAAGTACACAGACCATGTCCAGATTAGATAAAAGTAAAGTTGCGAGCTCTGAAGACGTTA,ATG,39,19165.17207,9,-6.52176,-8.381,-0.9,2.15324,0.0,-1.194
seq110_set5,TTCTAGAAAAACACCATATAAGTACAGAGAGGTAGAATATGGCGAGCTCTGAAGACGTTATCAAAGAGTTCATGCGTTTCAAAG,ATG,39,696.41062,6,1.97429,-8.981,-11.8,0.34929,0.0,-1.194
seq111_set5,TTCTAGAAAAACACCATATAAGTACAGAGAGGTAGAATATGTCCAGATTAGATAAAAGTAAAGTTGCGAGCTCTGAAGACGTTA,ATG,39,34463.13502,6,-8.02571,-8.981,-1.8,0.34929,0.0,-1.194
seq112_set5,TTCTAGAACTGTCCATAGATTTGAAAAGACCTTATCCCATGGCGAGCTCTGAAGACGTTATCAAAGAGTTCATGCGTTTCAAAG,ATG,39,161.18042,5,5.725,-0.881,-7.8,0.0,0.0,-1.194
seq113_set5,TTCTAGAACTGTCCATAGATTTGAAAAGACCTTATCCCATGGCTGAAGCGCAAAACGATCCCCTGGCGAGCTCTGAAGACGTTA,ATG,39,499.70559,5,2.825,-0.881,-4.9,0.0,0.0,-1.194
seq114_set5,TTCTAGAAACCACACTCCGTTTTTAGTAGGAGACCAAAAATGGCGAGCTCTGAAGACGTTATCAAAGAGTTCATGCGTTTCAAA,ATG,40,395.40745,5,3.425,-8.781,-12.8,0.0,-0.6,-1.194
seq115_set5,TTCTAGAAACCACACTCCGTTTTTAGTAGGAGACCAAAAATGGCTGAAGCGCAAAACGATCCCCTGGCGAGCTCTGAAGACGTT,ATG,40,1674.96572,5,-0.275,-8.781,-9.1,0.0,-0.6,-1.194
seq116_set5,TTCTAGAAATTATAAACTTTCGGAACAAACGGAGTCATCAAATGGCGAGCTCTGAAGACGTTATCAAAGAGTTCATGCGTTTCA,ATG,42,738.18149,5,1.825,-6.181,-9.2,0.0,0.0,-1.194
seq117_set5,TTCTAGAAATTATAAACTTTCGGAACAAACGGAGTCATCAAATGGCTGAAGCGCAAAACGATCCCCTGGCGAGCTCTGAAGACG,ATG,42,3655.13821,5,-2.275,-6.181,-5.1,0.0,0.0,-1.194
seq118_set5,TTCTAGAACGATCTGCACAACTCAAAATAAGGTAGGCGGCATGGCGAGCTCTGAAGACGTTATCAAAGAGTTCATGCGTTTCAA,ATG,41,2116.41239,4,-0.87456,-9.481,-9.8,0.00044,0.0,-1.194
seq119_set5,TTCTAGAACGATCTGCACAACTCAAAATAAGGTAGGCGGCATGGCTGAAGCGCAAAACGATCCCCTGGCGAGCTCTGAAGACGT,ATG,41,7974.92653,4,-4.27456,-9.481,-6.4,0.00044,0.0,-1.194
seq120_set5,TTCTAGATTTATACATCCGACTTTAAGGAGGCGACCTCATGGCGAGCTCTGAAGACGTTATCAAAGAGTTCATGCGTTTCAAAG,ATG,39,9509.84153,6,-4.72571,-13.281,-9.4,0.34929,0.0,-1.194
seq121_set5,TTCTAGATTTATACATCCGACTTTAAGGAGGCGACCTCATGGCTGAAGCGCAAAACGATCCCCTGGCGAGCTCTGAAGACGTTA,ATG,39,35834.3619,6,-8.12571,-13.281,-6.0,0.34929,0.0,-1.194
seq122_set6,TTCTAGAAAAGTAAGGAGGCGATGGC GAGCTCTGAAGACGTTATCAAAGAGTTCATGCGTTTCAAAGTTCGTATGGA,ATG,22,14.94976,1,11.81933,-14.581,-10.0,17.59433,0.0,-1.194
seq123_set6,TTCTAGAAAAGTAAGGAGGCGCATGGC GAGCTCTGAAGACGTTATCAAAGAGTTCATGCGTTTCAAAGTTCGTATGGA,ATG,23,22.57345,2,10.76318,-14.581,-9.9,16.63818,0.0,-1.194
seq124_set6,TTCTAGAAAAGTAAGGAGGCGCGATGGC GAGCTCTGAAGACGTTATCAAAGAGTTCATGCGTTTCAAAGTTCGTATGGA,ATG,24,4069.54578,3,-2.55026,-14.581,-10.2,3.02474,0.0,-1.194
seq125_set6,TTCTAGAAAAGTAAGGAGGCGCGGCATGGC GAGCTCTGAAGACGTTATCAAAGAGTTCATGCGTTTCAAAGTTCGTATGGA,ATG,26,13773.05237,5,-5.675,-14.581,-10.1,0.0,0.0,-1.194
seq126_set6,TTCTAGAAAAGTAAGGAGGCGCGGCTAATGGC GAGCTCTGAAGACGTTATCAAAGAGTTCATGCGTTTCAAAGTTCGTATGGA,ATG,28,10381.20188,7,-4.9504,-14.581,-10.0,0.8246,0.0,-1.194
seq127_set6,TTCTAGAAAAGTAAGGAGGCGCGGCTAAATGGC GAGCTCTGAAGACGTTATCAAAGAGTTCATGCGTTTCAAAGTTCGTATGGA,ATG,29,8210.23126,8,-4.34909,-14.581,-10.0,1.42591,0.0,-1.194
seq128_set6,TTCTAGAAAAGTAAGGAGGCGCGGCTAAATCTATGGC GAGCTCTGAAGACGTTATCAAAGAGTTCATGCGTTTCAAAGTTCGTATGGA,ATG,33,1230.05411,12,0.51628,-14.581,-11.2,5.09128,0.0,-1.194
seq129_set6,TTCTAGAAAAGTAAGGAGGCGCGGCTAAATCTTCATGGC GAGCTCTGAAGACGTTATCAAAGAGTTCATGCGTTTCAAAGTTCGTATGGA,ATG,35,465.81,14,3.00503,-14.581,-11.1,7.68003,0.0,-1.194
seq130_set6,TTCTAGAAAAGTAAGGAGGCGCGGCTAAATCTTCTATGGC GAGCTCTGAAGACGTTATCAAAGAGTTCATGCGTTTCAAAGTTCGTATGGA,ATG,36,293.55185,15,4.18842,-14.581,-10.8,9.16342,0.0,-1.194
seq131_set6,TTCTAGAAAAGTAAGGAGGCGCGGCTAAATCTTCTTATGGC GAGCTCTGAAGACGTTATCAAAGAGTTCATGCGTTTCAAAGTTCGTATGGA,ATG,37,61.4181,16,8.19782,-13.281,-11.9,10.77282,0.0,-1.194
seq132_set6,TTCTAGAAAAGTAAGGAGGCGCGGCTAAATCTTCTTATC ATGGC GAGCTCTGAAGACGTTATCAAAGAGTTCATGCGTTTCAAAGTTCGTATGGA,ATG,40,6.95103,19,13.78208,-13.281,-11.9,16.35708,0.0,-1.194
